// Jest Snapshot v1, https://goo.gl/fbAQLP

exports[`<NewMovie> 1`] = `
<div>
  <h1
    data-testid="NewMovie-heading"
  >
    Enter a New Movie
  </h1>
  <div>
    <form
      data-testid="movie-form"
    >
      <label
        for="title"
      >
        Title
      </label>
      <input
        id="title"
        type="text"
      />
      <button
        type="submit"
      >
        Submit
      </button>
    </form>
  </div>
</div>
`;
